22:32:13 **** Incremental Build of configuration Debug for project LedToggle ****
make -j12 all 
arm-none-eabi-gcc "../Src/main.c" -mcpu=cortex-m4 -std=gnu11 -g3 -DDEBUG -DSTM32 -DSTM32F407G_DISC1 -DSTM32F4 -DSTM32F407VGTx -c -I../Inc -O0 -ffunction-sections -fdata-sections -Wall -fstack-usage -fcyclomatic-complexity -MMD -MP -MF"Src/main.d" -MT"Src/main.o" --specs=nano.specs -mfpu=fpv4-sp-d16 -mfloat-abi=hard -mthumb -o "Src/main.o"
arm-none-eabi-gcc -o "LedToggle.elf" @"objects.list"   -mcpu=cortex-m4 -T"C:\Users\draut\OneDrive\Desktop\Embedded-C\My_workspace\target\LedToggle\STM32F407VGTX_FLASH.ld" --specs=nosys.specs -Wl,-Map="LedToggle.map" -Wl,--gc-sections -static --specs=nano.specs -mfpu=fpv4-sp-d16 -mfloat-abi=hard -mthumb -Wl,--start-group -lc -lm -Wl,--end-group
Finished building target: LedToggle.elf
 
arm-none-eabi-size   LedToggle.elf 
arm-none-eabi-objdump -h -S  LedToggle.elf  > "LedToggle.list"
   text	   data	    bss	    dec	    hex	filename
    788	      8	   1568	   2364	    93c	LedToggle.elf
Finished building: default.size.stdout
 
Finished building: LedToggle.list
 
22:32:35 **** Incremental Build of configuration Debug for project LedToggle ****
make -j12 all 
arm-none-eabi-size   LedToggle.elf 
   text	   data	    bss	    dec	    hex	filename
    788	      8	   1568	   2364	    93c	LedToggle.elf
Finished building: default.size.stdout
 
22:33:34 **** Incremental Build of configuration Debug for project LedToggle ****
make -j12 all 
arm-none-eabi-size   LedToggle.elf 
   text	   data	    bss	    dec	    hex	filename
    788	      8	   1568	   2364	    93c	LedToggle.elf
Finished building: default.size.stdout
 
