17:58:41 **** Incremental Build of configuration Debug for project TypedefStruct ****
make -j12 all 
arm-none-eabi-gcc "../Src/main.c" -mcpu=cortex-m4 -std=gnu11 -g3 -DDEBUG -DSTM32 -DSTM32F407G_DISC1 -DSTM32F4 -DSTM32F407VGTx -c -I../Inc -O0 -ffunction-sections -fdata-sections -Wall -fstack-usage -fcyclomatic-complexity -MMD -MP -MF"Src/main.d" -MT"Src/main.o" --specs=nano.specs -mfloat-abi=soft -mthumb -o "Src/main.o"
arm-none-eabi-gcc -o "TypedefStruct.elf" @"objects.list"   -mcpu=cortex-m4 -T"C:\Users\draut\OneDrive\Desktop\Embedded-C\My_workspace\target\TypedefStruct\STM32F407VGTX_FLASH.ld" --specs=nosys.specs -Wl,-Map="TypedefStruct.map" -Wl,--gc-sections -static --specs=nano.specs -mfloat-abi=soft -mthumb -Wl,--start-group -lc -lm -Wl,--end-group
Finished building target: TypedefStruct.elf
 
arm-none-eabi-size   TypedefStruct.elf 
arm-none-eabi-objdump -h -S  TypedefStruct.elf  > "TypedefStruct.list"
   text	   data	    bss	    dec	    hex	filename
   5348	    108	   1588	   7044	   1b84	TypedefStruct.elf
Finished building: default.size.stdout
 
Finished building: TypedefStruct.list
 

17:58:41 Build Finished. 0 errors, 0 warnings. (took 351ms)

